[09:26:17] Reusing server on port 4096
[09:26:17] === Brainstorm session started ===
[09:26:17] PID: 9117
[09:26:17] Project: /home/chris/projects/net.chrislabs/cook-tournament-2026
[09:26:17] Idea: Tienes ahí un documento de organización, un documento de PRD y un folder con el diseño que se requiere para la página. El diseño no es la fuente de la verdad, pero es una guía clara de cómo conformar los componentes, cómo armar la página y todo esto. El PRD explica como todas las funcionalidades que se tienen que hacer, todo lo que debe llevar el proyecto, etcétera,¿no? La organización, esa sí puedes tomarla como una fuente de la verdad, para tomar decisiones sobre cómo llevar a cabo la página web en general. Al final quiero tener un proyecto completo, incluyendo los contenedores Docker. La estructura del proyecto bien organizada, con una arquitectura clean, etcétera. De buenas a primeras, creo que la idea principal es para generar una página que permita al host y a los invitados tener un punto de partida. Para estar en contacto con el evento en general.
[09:26:17] Output: BRAINSTORM.md
[09:26:17] Model: opencode-go/mimo-v2.5
[09:26:17] Max rounds: 10
[09:26:17] Generating initial brainstorm from idea...
[0m
> build · mimo-v2.5
[0m
Let me explore the codebase first to understand the existing documents.
[0m✱ [0mGlob "**/*"[90m 95 matches[0m
[0m→ [0mRead organizacion.md
[0m→ [0mRead PRD.md
[0m→ [0mRead design/the_crust_competition_system/DESIGN.md
[0m→ [0mRead design/landing_countdown/screen.png
[0m→ [0mRead design/host_dashboard/screen.png
[0m→ [0mRead design/global_chat/screen.png
[0m→ [0mRead design/cook_dashboard/screen.png
[0m→ [0mRead design/cook_registration/screen.png
[0m→ [0mRead design/judge_access/screen.png
[0m→ [0mRead design/invite_friends/screen.png
[0m→ [0mRead design/admin_management_suite/screen.png
Now let me read a few design files to understand the UI context better.
[0m
[0m← [0mWrite BRAINSTORM.md
Wrote file successfully.
[0m
Done. `BRAINSTORM.md` is written at the project root with:

- **Problem Statement** — why this exists, who feels the pain
- **Target Users** — 4 roles with access patterns and needs
- **Core Workflow** — pre-event, day-of, and chat flows
- **Constraints & Decisions** — hard constraints from the PRD + 8 early architectural decisions with recommendations
- **Non-Goals** — 12 things explicitly out of scope to prevent creep
- **Design System Summary** — key tokens distilled from the DESIGN.md
- **Scope Summary** — MVP vs Phase 2 split

The file is ready to be transformed into a formal spec. The organization doc is treated as the truth source for event rules, the PRD as the functional requirements, and the design system as visual guidance.
[09:27:36] OK Initial brainstorm generated: BRAINSTORM.md
[09:27:36] === Clarification round 1/10 ===
[09:28:58] Refining with feedback: just remove non english characters from the brainstorm.md and we are good to go
[0m
> build · mimo-v2.5
[0m
[0m→ [0mRead BRAINSTORM.md
[0m
[0m← [0mEdit BRAINSTORM.md
Index: /home/chris/projects/net.chrislabs/cook-tournament-2026/BRAINSTORM.md
===================================================================
--- /home/chris/projects/net.chrislabs/cook-tournament-2026/BRAINSTORM.md
+++ /home/chris/projects/net.chrislabs/cook-tournament-2026/BRAINSTORM.md
@@ -15,9 +15,9 @@
 ### Primary: The Host (Admin)
 - Single person organizing the event
 - Needs full control: manage teams, moderate chats, reveal scores, track budget
 - Not a developer — UI must be dead simple
-- Access: admin login (固定 credentials)
+- Access: admin login (fixed credentials)
 
 ### Secondary: Cook Teams (up to 6)
 - 2-3 people per team, register via a shared team password
 - Need: event info, their own private chat, prep checklists, station assignment

[0m
[0m← [0mEdit BRAINSTORM.md
Index: /home/chris/projects/net.chrislabs/cook-tournament-2026/BRAINSTORM.md
===================================================================
--- /home/chris/projects/net.chrislabs/cook-tournament-2026/BRAINSTORM.md
+++ /home/chris/projects/net.chrislabs/cook-tournament-2026/BRAINSTORM.md
@@ -90,9 +90,9 @@
 | **State management** | Context vs Zustand vs Redux | Zustand — lightweight, no boilerplate, fits React well |
 | **CSS approach** | Tailwind vs CSS modules vs styled-components | Tailwind — matches the design system's utility-first feel, fast to implement |
 | **Score reveal mechanic** | WS push vs polling vs SSE | WS (Socket.io) — already using it for chats, reuse the connection |
 | **Database seeding** | Script vs admin panel | Admin panel — host configures everything through the UI |
-| **Umami integration** | Self-hosted vs cloud | Cloud (umami.is) — less infra, free tier足够 for one event |
+| **Umami integration** | Self-hosted vs cloud | Cloud (umami.is) — less infra, free tierenough for one event |
 
 ### Architecture Decisions
 - **Monorepo vs separate repos:** Monorepo with `frontend/` and `backend/` directories. One Docker Compose file at root. Simpler for a single developer.
 - **API style:** REST for CRUD + Socket.io for real-time. No need for GraphQL at this scale.

[0m
Done. Replaced two Chinese character strings:
- `(固定 credentials)` -> `(fixed credentials)` (line 19)
- `足够` -> `enough` (line 94)
[09:29:46] OK Document updated
[09:29:46] === Clarification round 2/10 ===
[09:29:50] User finished refining
[09:29:50] Duration: 3m 33s
[09:29:50] Output: /home/chris/projects/net.chrislabs/cook-tournament-2026/BRAINSTORM.md
[09:29:50] Next: spec.sh BRAINSTORM.md
[09:29:50] Exit code: 0
[09:29:50] Session log: logs/brainstorm-20260823-092617.log
[09:29:50] === Brainstorm session ended ===
