[09:35:35] Reusing server on port 4096
[09:35:35] === Plan session started ===
[09:35:35] PID: 13639
[09:35:35] Project: /home/chris/projects/net.chrislabs/cook-tournament-2026
[09:35:35] Source: SPEC.md
[09:35:35] Output: PLAN.md
[09:35:35] Model: opencode-go/mimo-v2.5
[09:35:35] Generating plan from SPEC.md...
[0m
> build · mimo-v2.5
[0m
[0m→ [0mRead SPEC.md
[0m→ [0mRead .
[0m→ [0mRead BRAINSTORM.md
[0m→ [0mRead design
[0m
[0m← [0mWrite PLAN.md
Wrote file successfully.
[0m
Now I have full context. This is a greenfield project — only specs and designs exist, no code yet. Let me generate the plan.
[0m← [0mWrite PLAN.md
Wrote file successfully.
[0m
Reviewing my output against the granularity rules — many tasks bundle multiple endpoints or mix features. Let me rewrite with proper one-behavior-per-task splits.
`PLAN.md` written to `/home/chris/projects/net.chrislabs/cook-tournament-2026/PLAN.md`.

**Summary:** 11 milestones, ~65 tasks total. Each task implements exactly one behavioral change (one endpoint, one UI component, or one data model change). Order is dependency-first: scaffolding → auth → config/landing → registration → chats → scoring → reveals → uploads → polish → optional features.
[09:37:58] OK Plan generated: PLAN.md
[09:37:58] Duration: 2m 23s
[09:37:58] Output: /home/chris/projects/net.chrislabs/cook-tournament-2026/PLAN.md
[09:37:58] Next: criteria.sh derive SPEC.md && orchestrator.sh PLAN.md
[09:37:58] Exit code: 0
[09:37:58] Session log: logs/plan-20260823-093535.log
[09:37:58] === Plan session ended ===
