[09:41:01] Reusing server on port 4096
[09:41:01] WARN No criteria file found, skipping acceptance review
[09:41:01] === Session started ===
[09:41:01] PID: 20734
[09:41:01] Project: /home/chris/projects/net.chrislabs/cook-tournament-2026.orchestrator-task-6-milestone-5-global-chat
[09:41:01] Task: Real-time public chat channel with no auth required.

### Implement GET /api/chat/global/messages

Return paginated message history for global channel. No auth required. Support `?limit` and `?before` query params.

### Implement POST /api/chat/global/messages

Create new chat message in global channel. Accept sender_name, content. No auth required.

### Implement DELETE /api/chat/global/messages/:messageId

Delete a message by ID. Admin auth required. Used for moderation.

### Implement Socket.io chat room events

`backend/src/chat.ts` — handle `chat:join { channel }`, `chat:message { channel, content }`. Validate channel access. Broadcast `chat:new` to room. Emit `chat:history` on join.

### Build global chat UI

`frontend/src/pages/Chat.tsx` — message list (auto-scroll, sender name + role badge), text input, send button. Socket.io connection for real-time. Fetch history on mount.

**Deliverable:** Anyone can open global chat, send messages, and see real-time updates. Admin can delete messages.

---
[09:41:01] Criteria: ACCEPTANCE.md (found)0
[09:41:01] Model: opencode-go/mimo-v2.5
[09:41:01] Max iterations: 25
[09:41:01] === Iteration 1/25 ===
